/sdcard/DCIM/*.raw: No such file or directory
